
Nahid@DESKTOP-90M7NGV MINGW64 /h/SW Lab(3206)/Lab01/c-repository (main)
$ git status
On branch main
Your branch is up to date with 'origin/main'.

nothing to commit, working tree clean

Nahid@DESKTOP-90M7NGV MINGW64 /h/SW Lab(3206)/Lab01/c-repository (main)
$ git status
On branch main
Your branch is up to date with 'origin/main'.

Untracked files:
  (use "git add <file>..." to include in what will be committed)
        hello.cpp

nothing added to commit but untracked files present (use "git add" to track)

Nahid@DESKTOP-90M7NGV MINGW64 /h/SW Lab(3206)/Lab01/c-repository (main)
$ git add.
git: 'add.' is not a git command. See 'git --help'.

The most similar command is
        add

Nahid@DESKTOP-90M7NGV MINGW64 /h/SW Lab(3206)/Lab01/c-repository (main)
$ git add .

Nahid@DESKTOP-90M7NGV MINGW64 /h/SW Lab(3206)/Lab01/c-repository (main)
$ git status
On branch main
Your branch is up to date with 'origin/main'.

Changes to be committed:
  (use "git restore --staged <file>..." to unstage)
        new file:   hello.cpp


Nahid@DESKTOP-90M7NGV MINGW64 /h/SW Lab(3206)/Lab01/c-repository (main)
$ git commit -m "A cpp file is added"
[main 41bfe2a] A cpp file is added
 1 file changed, 9 insertions(+)
 create mode 100644 hello.cpp

Nahid@DESKTOP-90M7NGV MINGW64 /h/SW Lab(3206)/Lab01/c-repository (main)
$ git status
On branch main
Your branch is ahead of 'origin/main' by 1 commit.
  (use "git push" to publish your local commits)

nothing to commit, working tree clean

Nahid@DESKTOP-90M7NGV MINGW64 /h/SW Lab(3206)/Lab01/c-repository (main)
$ git push origin main
Enumerating objects: 4, done.
Counting objects: 100% (4/4), done.
Delta compression using up to 4 threads
Compressing objects: 100% (3/3), done.
Writing objects: 100% (3/3), 386 bytes | 193.00 KiB/s, done.
Total 3 (delta 0), reused 0 (delta 0), pack-reused 0 (from 0)
To https://github.com/nahid2003131/c-repository.git
   e7444b2..41bfe2a  main -> main

Nahid@DESKTOP-90M7NGV MINGW64 /h/SW Lab(3206)/Lab01/c-repository (main)
$ git status
On branch main
Your branch is up to date with 'origin/main'.

nothing to commit, working tree clean

Nahid@DESKTOP-90M7NGV MINGW64 /h/SW Lab(3206)/Lab01/c-repository (main)
$ git ls-files
README.md
hello.cpp






